// Jest Snapshot v1, https://goo.gl/fbAQLP

exports[`<CenterDropDown /> should render correctly 1`] = `
Array [
  <option
    name="centerId"
    value={1}
  >
    test-center1
  </option>,
  <option
    name="centerId"
    value={2}
  >
    test-center2
  </option>,
  <option
    name="centerId"
    value={3}
  >
    test-center3
  </option>,
]
`;
