// Jest Snapshot v1, https://goo.gl/fbAQLP

exports[`<Home /> Rendering: should redirect to add event page is the user has alreadylogged in 1`] = `
<Redirect
  push={false}
  to="/addEvent"
/>
`;

exports[`<Home /> Rendering: should render correctly on page load 1`] = `
<div
  id="home-container"
>
  <TopNav />
  <section
    id="main-content-section"
  >
    <div
      className="dark-overlay"
    >
      <div
        className="d-flex flex-column align-items-center text-center"
        id="main-content"
      >
        <h1
          className="display-2 text-center"
        >
          Welcome to
          <strong>
             Ievents
          </strong>
        </h1>
        <p
          className="display-4 d-none d-sm-block"
        >
          Get the perfect center for your events
        </p>
        <p
          className="display-4 d-block d-sm-none"
          style={
            Object {
              "fontSize": "2.0rem",
            }
          }
        >
          Get the perfect center for your events
        </p>
        <div
          className="search-box input-group w-50 mt-5"
        >
          <input
            className="form-control"
            placeholder="Search for a center"
            type="text"
          />
          <div
            className="input-group-btn"
          >
            <button
              className="btn dropdown-toggle d-none d-md-block"
              data-toggle="dropdown"
              type="button"
            >
              Search with
            </button>
            <div
              className="dropdown-menu dropdown-menu-right"
            >
              <a
                className="dropdown-item"
                href="#"
              >
                Location
              </a>
              <div
                className="dropdown-divider"
                role="separator"
              />
              <a
                className="dropdown-item"
                href="#"
              >
                Name
              </a>
            </div>
          </div>
        </div>
        <Link
          className="btn btn-secondary mt-3"
          replace={false}
          to="/centers1"
        >
          Checkout Our Centers
        </Link>
      </div>
    </div>
  </section>
  <Footer />
</div>
`;
